[gamehunters-studio.com/gunsmith-simulator/index.html]
[backblue.gif]
[fade.gif]
[index.html]
[gamehunters-studio.com/wp-includes/js/jquery/jquery4a5f.js]
[gamehunters-studio.com/wp-includes/js/jquery/jquery-migrate.min330a.js]
[gamehunters-studio.com/wp-content/plugins/wp-gdpr-compliance/Assets/js/front.min3f82.js]
[gamehunters-studio.com/wp-content/uploads/2020/01/cropped-game_hunters_favicon-192x192.png]
[gamehunters-studio.com/wp-content/uploads/2020/01/cropped-game_hunters_favicon-180x180.png]
[ajax.googleapis.com/ajax/libs/webfont/1/webfont.js]
[gamehunters-studio.com/wp-content/uploads/2020/01/cropped-game_hunters-logo.png]
[gamehunters-studio.com/wp-content/uploads/2020/01/Gunsmith-Simulator-Logo.png]
[gamehunters-studio.com/wp-content/uploads/2020/05/Gunsmith_Simulator_Gameplay_Screen_1.jpg]
[gamehunters-studio.com/wp-content/uploads/2020/05/Gunsmith_Simulator_Gameplay_Screen_2.jpg]
[gamehunters-studio.com/wp-content/uploads/2020/05/Gunsmith_Simulator_Gameplay_Screen_2-300x169.jpg]
[gamehunters-studio.com/wp-content/uploads/2020/05/Gunsmith_Simulator_Gameplay_Screen_3.jpg]
[gamehunters-studio.com/wp-content/uploads/2020/05/Gunsmith_Simulator_Gameplay_Screen_3-300x169.jpg]
[gamehunters-studio.com/wp-content/uploads/2020/05/Gunsmith_Simulator_Gameplay_Screen_4.jpg]
[gamehunters-studio.com/wp-content/uploads/2020/05/Gunsmith_Simulator_Gameplay_Screen_4-300x169.jpg]
[gamehunters-studio.com/wp-content/uploads/2020/05/Gunsmith_Simulator_Gameplay_Screen_5.jpg]
[gamehunters-studio.com/wp-content/uploads/2020/05/Gunsmith_Simulator_Gameplay_Screen_5-300x169.webm]
[gamehunters-studio.com/wp-content/uploads/2020/01/Web-1920-–-1-4.jpg]
[gamehunters-studio.com/wp-content/uploads/2019/01/footer-logo.png]
[pluginspoint.com/arrowtic/wp-content/uploads/2019/01/d01.png]
[pluginspoint.com/arrowtic/wp-content/uploads/2019/01/d02.png]
[gamehunters-studio.com/wp-content/plugins/autoptimize/classes/external/js/lazysizes.min5240.js]
[gamehunters-studio.com/wp-content/plugins/advanced-backgrounds/assets/vendor/jarallax/jarallax.min4d85.js]
[gamehunters-studio.com/wp-content/plugins/advanced-backgrounds/assets/vendor/jarallax/jarallax-video.min4d85.js]
[gamehunters-studio.com/wp-content/plugins/advanced-backgrounds/assets/vendor/object-fit-images/ofi.mine1e3.js]
[gamehunters-studio.com/wp-content/plugins/advanced-backgrounds/assets/awb/awb.min51a2.js]
[assets.pinterest.com/js/pinit1697.js]
[gamehunters-studio.com/wp-content/plugins/arrowtic-master/assets/js/viewport-min1697.js]
[gamehunters-studio.com/wp-content/plugins/arrowtic-master/assets/js/easypiechart.mine7f3.js]
[gamehunters-studio.com/wp-content/plugins/arrowtic-master/assets/js/circle-piechart1697.js]
[gamehunters-studio.com/wp-content/plugins/arrowtic-master/assets/js/simple-likes-public1697.js]
[gamehunters-studio.com/wp-content/plugins/contact-form-7/includes/js/scripts38c6.js]
[gamehunters-studio.com/wp-content/plugins/page-scroll-to-id/js/page-scroll-to-id.min7514.js]
[gamehunters-studio.com/wp-content/plugins/extensive-vc-addon/assets/plugins/appear/jquery.appear1697.js]
[gamehunters-studio.com/wp-content/plugins/extensive-vc-addon/assets/js/main.min1697.js]
[gamehunters-studio.com/wp-content/themes/arrowtic-child/custom1697.js]
[gamehunters-studio.com/wp-content/themes/arrowtic/assets/js/popper.min1697.js]
[gamehunters-studio.com/wp-content/themes/arrowtic/assets/js/bootstrap.mincce7.js]
[gamehunters-studio.com/wp-content/themes/arrowtic/assets/js/slick.min1697.js]
[gamehunters-studio.com/wp-content/themes/arrowtic/assets/js/jquery.counterup.min5152.js]
[gamehunters-studio.com/wp-content/themes/arrowtic/assets/js/jquery.magnific-popup.minf488.js]
[gamehunters-studio.com/wp-content/themes/arrowtic/assets/js/jquery.waypoints.minb95e.js]
[gamehunters-studio.com/wp-content/plugins/js_composer/assets/lib/bower/isotope/dist/isotope.pkgd.min9b2d.js]
[gamehunters-studio.com/wp-content/themes/arrowtic/assets/js/jquery.justifiedGallery.min3088.js]
[gamehunters-studio.com/wp-content/themes/arrowtic/assets/js/jquery.meanmenu.min1697.js]
[gamehunters-studio.com/wp-includes/js/imagesloaded.min55a0.js]
[gamehunters-studio.com/wp-content/themes/arrowtic/assets/js/arrowtic-main8a54.js]
[gamehunters-studio.com/wp-includes/js/wp-embed.min1697.js]
[gamehunters-studio.com/wp-content/plugins/js_composer/assets/js/dist/js_composer_front.min9b2d.js]
[gamehunters-studio.com/wp-content/plugins/extensive-vc-addon/assets/plugins/lightbox/lightbox.min1697.js]
[gamehunters-studio.com/gunsmith-simulator/index.html]
[gamehunters-studio.com/wp-content/plugins/arrowtic-master/assets/css/ajax-loader.gif]
[gamehunters-studio.com/wp-content/plugins/contact-form-7/images/ajax-loader.gif]
[gamehunters-studio.com/wp-content/plugins/extensive-vc-addon/shortcodes/process-2/assets/img/bg-cover-image.png]
[gamehunters-studio.com/wp-content/themes/arrowtic/assets/img/down-arrow.png]
[gamehunters-studio.com/wp-content/plugins/js_composer/assets/vc/alert.png]
[gamehunters-studio.com/wp-content/plugins/extensive-vc-addon/assets/plugins/lightbox/images/loading.gif]
[gamehunters-studio.com/wp-content/cache/autoptimize/css/autoptimize_bc27b7cbdb05bb87d62506d80fc7cd20.css]
[gamehunters-studio.com/wp-content/cache/autoptimize/css/autoptimize_single_44a8dca3fb90961f8e8ef9333cdd64ce9b2d.css]
[gamehunters-studio.com/wp-content/themes/arrowtic/assets/img/slider/s-shape01.html]
[gamehunters-studio.com/wp-content/uploads/2020/01/cropped-game_hunters_favicon-32x32.png]
